../Core/Inc/ema_adaptive.h:15:21:wrap_deg	16	static
../Core/Inc/ema_adaptive.h:38:20:ema1_adaptive_init	16	static
../Core/Inc/ema_adaptive.h:49:21:ema1_adaptive_update	48	static
../Core/Inc/ema_adaptive.h:64:20:ema1_circdeg_init	24	static
../Core/Inc/ema_adaptive.h:72:21:ema1_circdeg_update	64	static
../Core/Src/scl3300.c:28:13:CS_High	8	static
../Core/Src/scl3300.c:29:13:CS_Low	8	static
../Core/Src/scl3300.c:33:16:CRC8_CalcBit	24	static
../Core/Src/scl3300.c:42:9:CalculateCRC	24	static
../Core/Src/scl3300.c:59:9:write_reg	24	static
../Core/Src/scl3300.c:75:9:read_reg	32	static
../Core/Src/scl3300.c:106:6:SPI_Test	24	static
../Core/Src/scl3300.c:119:6:Calibra_Offset	80	static
../Core/Src/scl3300.c:168:9:SCL3300_Init	216	static
../Core/Src/scl3300.c:279:6:calibrazione	8	static
../Core/Src/scl3300.c:289:6:CalcoloAngoli	184	static
../Core/Src/scl3300.c:327:9:Ang_X	24	static
../Core/Src/scl3300.c:334:9:Ang_Y	24	static
../Core/Src/scl3300.c:341:9:Ang_Z	24	static
../Core/Src/scl3300.c:348:9:Temp	24	static
../Core/Src/scl3300.c:359:6:SCL3300_ReadAveragePerAxis	40	static
../Core/Src/scl3300.c:386:6:SCL3300_DebugDump	80	static
