../Middlewares/Third_Party/LoRaWAN/LmHandler/Packages/LmhpClockSync.c:178:15:LmhpClockSyncPackageFactory	4	static
../Middlewares/Third_Party/LoRaWAN/LmHandler/Packages/LmhpClockSync.c:183:13:LmhpClockSyncInit	32	static
../Middlewares/Third_Party/LoRaWAN/LmHandler/Packages/LmhpClockSync.c:199:13:LmhpClockSyncIsInitialized	4	static
../Middlewares/Third_Party/LoRaWAN/LmHandler/Packages/LmhpClockSync.c:204:13:LmhpClockSyncIsTxPending	4	static
../Middlewares/Third_Party/LoRaWAN/LmHandler/Packages/LmhpClockSync.c:209:13:LmhpClockSyncProcess	8	static
../Middlewares/Third_Party/LoRaWAN/LmHandler/Packages/LmhpClockSync.c:220:13:LmhpClockSyncOnMcpsConfirm	56	static
../Middlewares/Third_Party/LoRaWAN/LmHandler/Packages/LmhpClockSync.c:245:13:LmhpClockSyncOnMcpsIndication	64	static
../Middlewares/Third_Party/LoRaWAN/LmHandler/Packages/LmhpClockSync.c:378:24:LmhpClockSyncAppTimeReq	72	static
../Middlewares/Third_Party/LoRaWAN/LmHandler/Packages/LmhpClockSync.c:464:13:OnPeriodicTimeStartTimer	16	static
